<?xml version="1.0" encoding="UTF-8"?>
<testsuites name="jest tests" tests="1" failures="0" errors="0" time="1.659">
  <testsuite name="undefined" errors="0" failures="0" skipped="0" timestamp="2022-08-22T20:25:15" time="0.828" tests="1">
    <testcase classname=" renders learn react link" name=" renders learn react link" time="0.036">
    </testcase>
  </testsuite>
</testsuites>